
> cedo-partnership-management-frontend@1.0.0 save-txt
> npm test -- --no-color > test-output.txt 2>&1

node.exe : The process cannot access the file because it is being used by another process.
At C:\Users\LOQ\AppData\Roaming\npm\npm.ps1:24 char:5
+     & "node$exe"  "$basedir/node_modules/npm/bin/npm-cli.js" $args
+     ~~~~~~~~~~~~~~~~~~~~~~~~~~~~~~~~~~~~~~~~~~~~~~~~~~~~~~~~~~~~~~
    + CategoryInfo          : NotSpecified: (The process can...nother process.:String) [], Rem 
   oteException
    + FullyQualifiedErrorId : NativeCommandError
 
